<?xml version="1.0" encoding="utf-8"?><testsuites><testsuite name="pytest" errors="0" failures="0" skipped="0" tests="2" time="3.449" timestamp="2021-10-30T12:58:52.998048" hostname="BDOMO-DT264615"><testcase classname="tests.test_cdec_read_urls" name="test_read_all" time="0.694" /><testcase classname="tests.test_cli" name="test_cli_template" time="0.003" /></testsuite></testsuites>